
[Test/cassette_TestCommand_HtmlFile/TestCommand_HtmlFile - 1]
{
  "results": [
    {}
  ]
}

---
