
[Test/cassette_TestCommandNonGit/TestCommandNonGit/one_specific_supported_lockfile - 1]
{
  "results": [
    {}
  ]
}

---
