
[Test/cassette_TestCommand_Transitive/TestCommand_Transitive/does_not_scan_transitive_dependencies_for_pom.xml_with_no-resolve - 1]
{
  "results": [
    {}
  ]
}

---

[Test/cassette_TestCommand_Transitive/TestCommand_Transitive/does_not_scan_transitive_dependencies_for_requirements.txt_with_no-resolve - 1]
{
  "results": [
    {
      "vulns": [
        {
          "id": "GHSA-68w8-qjq3-2gfm",
          "modified": "2024-09-20T15:46:52.557962Z"
        },
        {
          "id": "GHSA-6w2r-r2m5-xq5w",
          "modified": "2025-09-25T09:27:02.888520Z"
        },
        {
          "id": "GHSA-7xr5-9hcq-chf9",
          "modified": "2025-09-25T09:27:02.969281Z"
        },
        {
          "id": "GHSA-8x94-hmjh-97hq",
          "modified": "2025-01-14T11:27:04.205746Z"
        },
        {
          "id": "GHSA-rrqc-c2jx-6jgv",
          "modified": "2024-10-30T19:23:59.139649Z"
        },
        {
          "id": "PYSEC-2021-98",
          "modified": "2023-12-06T01:01:16.755410Z"
        }
      ]
    },
    {
      "vulns": [
        {
          "id": "GHSA-m2qf-hxjv-5gpq",
          "modified": "2025-02-21T05:42:17.337040Z"
        },
        {
          "id": "PYSEC-2023-62",
          "modified": "2023-11-08T04:12:28.231927Z"
        }
      ]
    },
    {
      "vulns": [
        {
          "id": "GHSA-9hjg-9r4m-mvj7",
          "modified": "2025-06-09T19:27:13.389930Z"
        },
        {
          "id": "GHSA-9wx4-h78v-vm56",
          "modified": "2024-07-15T22:12:27.987373Z"
        },
        {
          "id": "GHSA-j8r2-6x86-q33q",
          "modified": "2025-02-13T19:20:45.182158Z"
        },
        {
          "id": "PYSEC-2023-74",
          "modified": "2023-11-08T04:12:35.436175Z"
        }
      ]
    }
  ]
}

---

[Test/cassette_TestCommand_Transitive/TestCommand_Transitive/fall_back_to_the_offline_extractor_if_resolution_failed - 1]
{
  "results": [
    {
      "vulns": [
        {
          "id": "GHSA-m2qf-hxjv-5gpq",
          "modified": "2025-02-21T05:42:17.337040Z"
        },
        {
          "id": "PYSEC-2023-62",
          "modified": "2023-11-08T04:12:28.231927Z"
        }
      ]
    },
    {
      "vulns": [
        {
          "id": "GHSA-43qf-4rqw-9q2g",
          "modified": "2025-05-17T19:15:25.774254Z"
        },
        {
          "id": "GHSA-7rxf-gvfg-47g4",
          "modified": "2025-05-17T19:20:41.784125Z"
        },
        {
          "id": "GHSA-84pr-m4jr-85g5",
          "modified": "2024-05-07T13:31:00.917496Z"
        },
        {
          "id": "GHSA-8vgw-p6qm-5gr7",
          "modified": "2025-10-16T08:06:42.178747Z"
        },
        {
          "id": "GHSA-hxwh-jpp2-84pm",
          "modified": "2025-04-07T20:13:56.570363Z"
        },
        {
          "id": "GHSA-xc3p-ff3m-f46v",
          "modified": "2024-09-20T20:01:25.449661Z"
        },
        {
          "id": "PYSEC-2020-43",
          "modified": "2025-10-09T07:22:50.566622Z"
        },
        {
          "id": "PYSEC-2024-71",
          "modified": "2025-10-09T08:27:44.186589Z"
        }
      ]
    },
    {
      "vulns": [
        {
          "id": "PYSEC-2020-73",
          "modified": "2023-11-08T04:02:12.263851Z"
        }
      ]
    }
  ]
}

---

[Test/cassette_TestCommand_Transitive/TestCommand_Transitive/resolves_transitive_dependencies_with_native_data_source - 1]
{
  "results": [
    {},
    {},
    {},
    {},
    {},
    {},
    {},
    {},
    {},
    {},
    {},
    {},
    {},
    {},
    {},
    {},
    {},
    {
      "vulns": [
        {
          "id": "GHSA-cm6r-892j-jv2g",
          "modified": "2023-11-08T04:08:28.014834Z"
        }
      ]
    },
    {},
    {},
    {},
    {},
    {},
    {},
    {},
    {},
    {},
    {},
    {},
    {},
    {},
    {},
    {},
    {},
    {},
    {},
    {},
    {},
    {},
    {},
    {},
    {},
    {},
    {},
    {},
    {},
    {},
    {},
    {},
    {},
    {},
    {},
    {},
    {},
    {},
    {},
    {},
    {
      "vulns": [
        {
          "id": "GHSA-7rjr-3q55-vv33",
          "modified": "2025-10-22T19:37:53.742023Z"
        },
        {
          "id": "GHSA-8489-44mv-ggj8",
          "modified": "2025-05-09T13:12:38.923602Z"
        },
        {
          "id": "GHSA-jfh8-c2jp-5v3q",
          "modified": "2025-10-22T19:37:02.616807Z"
        },
        {
          "id": "GHSA-p6xc-xr62-6r2g",
          "modified": "2025-05-09T13:12:54.089856Z"
        }
      ]
    },
    {}
  ]
}

---

[Test/cassette_TestCommand_Transitive/TestCommand_Transitive/scan_local_disk_transitive_dependencies - 1]
{
  "results": [
    {
      "vulns": [
        {
          "id": "GHSA-68w8-qjq3-2gfm",
          "modified": "2024-09-20T15:46:52.557962Z"
        },
        {
          "id": "GHSA-6w2r-r2m5-xq5w",
          "modified": "2025-09-25T09:27:02.888520Z"
        },
        {
          "id": "GHSA-7xr5-9hcq-chf9",
          "modified": "2025-09-25T09:27:02.969281Z"
        },
        {
          "id": "GHSA-8x94-hmjh-97hq",
          "modified": "2025-01-14T11:27:04.205746Z"
        },
        {
          "id": "GHSA-rrqc-c2jx-6jgv",
          "modified": "2024-10-30T19:23:59.139649Z"
        },
        {
          "id": "PYSEC-2021-98",
          "modified": "2023-12-06T01:01:16.755410Z"
        }
      ]
    },
    {
      "vulns": [
        {
          "id": "GHSA-m2qf-hxjv-5gpq",
          "modified": "2025-02-21T05:42:17.337040Z"
        },
        {
          "id": "PYSEC-2023-62",
          "modified": "2023-11-08T04:12:28.231927Z"
        }
      ]
    },
    {},
    {
      "vulns": [
        {
          "id": "GHSA-9hjg-9r4m-mvj7",
          "modified": "2025-06-09T19:27:13.389930Z"
        },
        {
          "id": "GHSA-9wx4-h78v-vm56",
          "modified": "2024-07-15T22:12:27.987373Z"
        },
        {
          "id": "GHSA-j8r2-6x86-q33q",
          "modified": "2025-02-13T19:20:45.182158Z"
        },
        {
          "id": "PYSEC-2023-74",
          "modified": "2023-11-08T04:12:35.436175Z"
        }
      ]
    }
  ]
}

---

[Test/cassette_TestCommand_Transitive/TestCommand_Transitive/scans_dependencies_from_multiple_registries - 1]
{
  "results": [
    {},
    {},
    {},
    {},
    {},
    {},
    {},
    {},
    {},
    {},
    {},
    {},
    {},
    {},
    {},
    {},
    {},
    {
      "vulns": [
        {
          "id": "GHSA-cm6r-892j-jv2g",
          "modified": "2023-11-08T04:08:28.014834Z"
        }
      ]
    },
    {},
    {},
    {},
    {},
    {},
    {},
    {},
    {},
    {},
    {},
    {},
    {},
    {},
    {},
    {},
    {},
    {},
    {},
    {},
    {},
    {},
    {},
    {},
    {},
    {},
    {},
    {},
    {},
    {},
    {},
    {},
    {},
    {},
    {},
    {},
    {},
    {},
    {},
    {},
    {
      "vulns": [
        {
          "id": "GHSA-7rjr-3q55-vv33",
          "modified": "2025-10-22T19:37:53.742023Z"
        },
        {
          "id": "GHSA-8489-44mv-ggj8",
          "modified": "2025-05-09T13:12:38.923602Z"
        },
        {
          "id": "GHSA-jfh8-c2jp-5v3q",
          "modified": "2025-10-22T19:37:02.616807Z"
        },
        {
          "id": "GHSA-p6xc-xr62-6r2g",
          "modified": "2025-05-09T13:12:54.089856Z"
        }
      ]
    },
    {}
  ]
}

---

[Test/cassette_TestCommand_Transitive/TestCommand_Transitive/scans_pom.xml_with_non_UTF-8_encoding - 1]
{
  "results": [
    {
      "vulns": [
        {
          "id": "GHSA-269g-pwp5-87pp",
          "modified": "2024-03-15T05:20:38.405881Z"
        }
      ]
    },
    {}
  ]
}

---

[Test/cassette_TestCommand_Transitive/TestCommand_Transitive/scans_transitive_dependencies_by_specifying_pom.xml - 1]
{
  "results": [
    {},
    {
      "vulns": [
        {
          "id": "GHSA-7rjr-3q55-vv33",
          "modified": "2025-10-22T19:37:53.742023Z"
        },
        {
          "id": "GHSA-8489-44mv-ggj8",
          "modified": "2025-05-09T13:12:38.923602Z"
        },
        {
          "id": "GHSA-jfh8-c2jp-5v3q",
          "modified": "2025-10-22T19:37:02.616807Z"
        },
        {
          "id": "GHSA-p6xc-xr62-6r2g",
          "modified": "2025-05-09T13:12:54.089856Z"
        }
      ]
    },
    {}
  ]
}

---

[Test/cassette_TestCommand_Transitive/TestCommand_Transitive/scans_transitive_dependencies_for_pom.xml_by_default - 1]
{
  "results": [
    {},
    {
      "vulns": [
        {
          "id": "GHSA-7rjr-3q55-vv33",
          "modified": "2025-10-22T19:37:53.742023Z"
        },
        {
          "id": "GHSA-8489-44mv-ggj8",
          "modified": "2025-05-09T13:12:38.923602Z"
        },
        {
          "id": "GHSA-jfh8-c2jp-5v3q",
          "modified": "2025-10-22T19:37:02.616807Z"
        },
        {
          "id": "GHSA-p6xc-xr62-6r2g",
          "modified": "2025-05-09T13:12:54.089856Z"
        }
      ]
    },
    {}
  ]
}

---

[Test/cassette_TestCommand_Transitive/TestCommand_Transitive/uses_native_data_source_for_requirements.txt - 1]
{
  "results": [
    {},
    {},
    {},
    {
      "vulns": [
        {
          "id": "GHSA-68w8-qjq3-2gfm",
          "modified": "2024-09-20T15:46:52.557962Z"
        },
        {
          "id": "GHSA-6w2r-r2m5-xq5w",
          "modified": "2025-09-25T09:27:02.888520Z"
        },
        {
          "id": "GHSA-7xr5-9hcq-chf9",
          "modified": "2025-09-25T09:27:02.969281Z"
        },
        {
          "id": "GHSA-8x94-hmjh-97hq",
          "modified": "2025-01-14T11:27:04.205746Z"
        },
        {
          "id": "GHSA-rrqc-c2jx-6jgv",
          "modified": "2024-10-30T19:23:59.139649Z"
        },
        {
          "id": "PYSEC-2021-98",
          "modified": "2023-12-06T01:01:16.755410Z"
        }
      ]
    },
    {
      "vulns": [
        {
          "id": "GHSA-m2qf-hxjv-5gpq",
          "modified": "2025-02-21T05:42:17.337040Z"
        },
        {
          "id": "PYSEC-2023-62",
          "modified": "2023-11-08T04:12:28.231927Z"
        }
      ]
    },
    {
      "vulns": [
        {
          "id": "GHSA-jjg7-2v4v-x38h",
          "modified": "2025-10-16T08:05:31.743063Z"
        },
        {
          "id": "PYSEC-2024-60",
          "modified": "2024-07-11T17:42:33.704488Z"
        }
      ]
    },
    {},
    {},
    {},
    {},
    {
      "vulns": [
        {
          "id": "GHSA-9hjg-9r4m-mvj7",
          "modified": "2025-06-09T19:27:13.389930Z"
        },
        {
          "id": "GHSA-9wx4-h78v-vm56",
          "modified": "2024-07-15T22:12:27.987373Z"
        },
        {
          "id": "GHSA-j8r2-6x86-q33q",
          "modified": "2025-02-13T19:20:45.182158Z"
        },
        {
          "id": "PYSEC-2023-74",
          "modified": "2023-11-08T04:12:35.436175Z"
        }
      ]
    },
    {
      "vulns": [
        {
          "id": "GHSA-34jh-p97f-mpxf",
          "modified": "2024-12-18T22:24:07.021304Z"
        },
        {
          "id": "GHSA-g4mx-q9vg-27p4",
          "modified": "2025-02-13T19:37:22.196603Z"
        },
        {
          "id": "GHSA-pq67-6m6q-mj2v",
          "modified": "2025-06-19T16:15:11.736637Z"
        },
        {
          "id": "GHSA-v845-jxx5-vc9f",
          "modified": "2024-12-13T16:37:46.297254Z"
        },
        {
          "id": "GHSA-wqvq-5m8c-6g24",
          "modified": "2024-11-18T22:47:07.792720Z"
        },
        {
          "id": "PYSEC-2020-148",
          "modified": "2023-11-08T04:03:14.251187Z"
        },
        {
          "id": "PYSEC-2021-108",
          "modified": "2023-11-08T04:06:04.829992Z"
        },
        {
          "id": "PYSEC-2023-192",
          "modified": "2023-11-08T04:13:33.452167Z"
        },
        {
          "id": "PYSEC-2023-212",
          "modified": "2023-11-08T04:13:39.165450Z"
        }
      ]
    },
    {}
  ]
}

---
