
[Test_Example/classic/sunshine - 1]
hello sunshine
---

[Test_Example/classic/world - 1]
hello world
---

[Test_Example/planets/earth - 1]
hello earth
---

[Test_Example/planets/mars - 1]
hello mars
---
